// Jest Snapshot v1, https://goo.gl/fbAQLP

exports[`renders correctly 1`] = `
<View
  style={
    Object {
      "alignSelf": "stretch",
      "margin": 10,
    }
  }
>
  <View
    accessible={true}
    focusable={false}
    isTVSelectable={true}
    onClick={[Function]}
    onResponderGrant={[Function]}
    onResponderMove={[Function]}
    onResponderRelease={[Function]}
    onResponderTerminate={[Function]}
    onResponderTerminationRequest={[Function]}
    onStartShouldSetResponder={[Function]}
    style={
      Object {
        "alignItems": "center",
        "backgroundColor": "#ddd",
        "borderRadius": 50,
        "opacity": 1,
        "padding": 15,
      }
    }
  >
    <Text
      style={
        Object {
          "alignItems": "center",
          "color": "#777",
          "fontSize": 24,
          "textAlign": "center",
        }
      }
    />
  </View>
</View>
`;
